// Jest Snapshot v1, https://goo.gl/fbAQLP

exports[`render Landing without data 1`] = `
<div
  className="landing"
>
  <h2>
    Aim to be Fit.
  </h2>
  <div>
    Get started!
  </div>
  <div>
    Log in 
    <a
      href="/login"
      onClick={[Function]}
    >
      here
    </a>
    !
  </div>
</div>
`;
