// Jest Snapshot v1, https://goo.gl/fbAQLP

exports[`render ExerciseList without data 1`] = `
Array [
  <h2
    className="add-exercise-header"
  >
    Exercises
  </h2>,
  <button
    onClick={[Function]}
  >
    Back
  </button>,
  <section
    className="muscle-group"
  >
    <h3
      className="muscle-header"
    >
      Muscle Group
    </h3>
    <ul>
      <li>
        <button
          className="selected"
          onClick={[Function]}
          value="Chest"
        >
          Chest
        </button>
      </li>
      <li>
        <button
          onClick={[Function]}
          value="Back"
        >
          Back
        </button>
      </li>
      <li>
        <button
          onClick={[Function]}
          value="Triceps"
        >
          Triceps
        </button>
      </li>
      <li>
        <button
          onClick={[Function]}
          value="Biceps"
        >
          Biceps
        </button>
      </li>
      <li>
        <button
          onClick={[Function]}
          value="Shoulders"
        >
          Shoulders
        </button>
      </li>
      <li>
        <button
          onClick={[Function]}
          value="Traps"
        >
          Traps
        </button>
      </li>
      <li>
        <button
          onClick={[Function]}
          value="Quads"
        >
          Quads
        </button>
      </li>
      <li>
        <button
          onClick={[Function]}
          value="Hamstrings"
        >
          Hamstrings
        </button>
      </li>
      <li>
        <button
          onClick={[Function]}
          value="Calves"
        >
          Calves
        </button>
      </li>
    </ul>
  </section>,
  <section
    className="workouts"
  >
    <div>
      Showing exercises for 
      Chest
      :
    </div>
    <ul />
  </section>,
]
`;
