// Jest Snapshot v1, https://goo.gl/fbAQLP

exports[`render MuscleNav without data 1`] = `
<section
  className="muscle-group"
>
  <h2>
    Muscle Group
  </h2>
  <ul>
    <li>
      <button>
        Chest
      </button>
    </li>
    <li>
      <button>
        Back
      </button>
    </li>
    <li>
      <button>
        Quads
      </button>
    </li>
    <li>
      <button>
        Hamstrings
      </button>
    </li>
    <li>
      <button>
        Calves
      </button>
    </li>
    <li>
      <button>
        Triceps
      </button>
    </li>
    <li>
      <button>
        Biceps
      </button>
    </li>
    <li>
      <button>
        Shoulders
      </button>
    </li>
    <li>
      <button>
        Traps
      </button>
    </li>
  </ul>
</section>
`;
