// Jest Snapshot v1, https://goo.gl/fbAQLP

exports[`render Landing without data 1`] = `
<div
  className="landing"
>
  <h2>
    Aim to be Fit.
  </h2>
  <p>
    Create a workout plan and track exercises to help achieve your goals.
  </p>
  <div>
    <a
      href="/register"
      onClick={[Function]}
    >
      <h3
        className="get-started-link"
      >
        Sign Up
      </h3>
    </a>
  </div>
</div>
`;
