// Jest Snapshot v1, https://goo.gl/fbAQLP

exports[`render Register without data 1`] = `
<form
  className="sign-form"
  onSubmit={[Function]}
>
  <h2>
    Sign up
  </h2>
  <div
    role="alert"
  />
  <label
    className="full-name-label"
    htmlFor="full-name-input"
  >
    Full Name:
  </label>
  <input
    id="full-name-input"
    name="full-name"
    type="text"
  />
  <br />
  <label
    htmlFor="username-input"
  >
    Username:
  </label>
  <input
    id="username-input"
    name="username"
    type="text"
  />
  <br />
  <br />
  <label
    className="password-label"
    htmlFor="password-input"
  >
    Password:
  </label>
  <input
    id="password-input"
    name="password"
    type="password"
  />
  <br />
  <button
    type="submit"
  >
    Create account
  </button>
</form>
`;
