// Jest Snapshot v1, https://goo.gl/fbAQLP

exports[`render App without data 1`] = `
Array [
  <nav>
    <div
      className="nav-header"
    >
      <a
        href="/"
        onClick={[Function]}
      >
        <h3>
          AimFit
        </h3>
      </a>
    </div>
    <div
      className="nav-links"
    >
      <a
        aria-current={null}
        href="/login"
        onClick={[Function]}
      >
        <button>
          Log in
        </button>
      </a>
      <a
        aria-current={null}
        href="/register"
        onClick={[Function]}
      >
        <button
          className="sign-up-button"
        >
          Sign Up
        </button>
      </a>
      <button
        className="sign-up-button"
        onClick={[Function]}
      >
        Demo
      </button>
    </div>
  </nav>,
  <main>
    <div
      className="landing"
    >
      <h2>
        Aim to be Fit.
      </h2>
      <p>
        Create workout plan and track exercises to help achieve your goals.
      </p>
      <div>
        <a
          href="/register"
          onClick={[Function]}
        >
          <h3
            className="get-started-link"
          >
            Sign Up
          </h3>
        </a>
      </div>
    </div>
  </main>,
]
`;
